// Vitest Snapshot v1

exports[`Form: initialValues > Throws a "TypeError" if no "initialValues" are provided to the configuration. 1`] = `"You must specify \\"initialValues\\" with an object to \\"FormConfig\\"."`;

exports[`Form: initialValues > Throws a "TypeError" if no configuration is provided. 1`] = `"You must provide a config to \\"newForm\\". Expected \\"config\\" to be an object, received \\"undefined\\" instead."`;
